#
# There is insufficient memory for the Java Runtime Environment to continue.
# Native memory allocation (malloc) failed to allocate 215136 bytes. Error detail: Chunk::new
# Possible reasons:
#   The system is out of physical RAM or swap space
#   This process is running with CompressedOops enabled, and the Java Heap may be blocking the growth of the native heap
# Possible solutions:
#   Reduce memory load on the system
#   Increase physical memory or swap space
#   Check if swap backing store is full
#   Decrease Java heap size (-Xmx/-Xms)
#   Decrease number of Java threads
#   Decrease Java thread stack sizes (-Xss)
#   Set larger code cache with -XX:ReservedCodeCacheSize=
#   JVM is running with Unscaled Compressed Oops mode in which the Java heap is
#     placed in the first 4GB address space. The Java Heap base address is the
#     maximum limit for the native heap growth. Please use -XX:HeapBaseMinAddress
#     to set the Java Heap base and to place the Java Heap above 4GB virtual address.
# This output file may be truncated or incomplete.
#
#  Out of Memory Error (arena.cpp:168), pid=34236, tid=7920
#
# JRE version: OpenJDK Runtime Environment Temurin-21.0.10+7 (21.0.10+7) (build 21.0.10+7-LTS)
# Java VM: OpenJDK 64-Bit Server VM Temurin-21.0.10+7 (21.0.10+7-LTS, mixed mode, sharing, tiered, compressed oops, compressed class ptrs, parallel gc, windows-amd64)
# No core dump will be written. Minidumps are not enabled by default on client versions of Windows
#

---------------  S U M M A R Y ------------

Command Line: --add-modules=ALL-SYSTEM --add-opens=java.base/java.util=ALL-UNNAMED --add-opens=java.base/java.lang=ALL-UNNAMED --add-opens=java.base/sun.nio.fs=ALL-UNNAMED -Declipse.application=org.eclipse.jdt.ls.core.id1 -Dosgi.bundles.defaultStartLevel=4 -Declipse.product=org.eclipse.jdt.ls.core.product -Djava.import.generatesMetadataFilesAtProjectRoot=false -DDetectVMInstallationsJob.disabled=true -Dfile.encoding=utf8 -XX:+UseParallelGC -XX:GCTimeRatio=4 -XX:AdaptiveSizePolicyWeight=90 -Dsun.zip.disableMemoryMapping=true -Xmx2G -Xms100m -Xlog:disable -javaagent:c:\Users\bhavi\.vscode\extensions\redhat.java-1.53.0-win32-x64\lombok\lombok-1.18.39-4050.jar c:\Users\bhavi\.vscode\extensions\redhat.java-1.53.0-win32-x64\server\plugins\org.eclipse.equinox.launcher_1.7.100.v20251111-0406.jar -configuration c:\Users\bhavi\AppData\Roaming\Code\User\globalStorage\redhat.java\1.53.0\config_ss_win -data c:\Users\bhavi\AppData\Roaming\Code\User\workspaceStorage\066d3c0a0dabf94a1e2b34c160fa1ae0\redhat.java\ss_ws --pipe=\\.\pipe\lsp-f92314fadc37aeab5d4bf266e6bb4066-sock

Host: AMD Ryzen 5 7530U with Radeon Graphics         , 12 cores, 5G,  Windows 11 , 64 bit Build 26100 (10.0.26100.7920)
Time: Sun Mar 29 03:14:51 2026 India Standard Time elapsed time: 6.789929 seconds (0d 0h 0m 6s)

---------------  T H R E A D  ---------------

Current thread (0x000001c1e688fcb0):  JavaThread "C2 CompilerThread0" daemon [_thread_in_native, id=7920, stack(0x0000005008d00000,0x0000005008e00000) (1024K)]


Current CompileTask:
C2:6790 2171       4       java.util.Properties::loadConvert (540 bytes)

Stack: [0x0000005008d00000,0x0000005008e00000]
Native frames: (J=compiled Java code, j=interpreted, Vv=VM code, C=native code)
V  [jvm.dll+0x6d7a39]
V  [jvm.dll+0x8b4b26]
V  [jvm.dll+0x8b70de]
V  [jvm.dll+0x8b77c3]
V  [jvm.dll+0x284346]
V  [jvm.dll+0xc66ed]
V  [jvm.dll+0xc6c31]
V  [jvm.dll+0x2fb29e]
V  [jvm.dll+0x5fe884]
V  [jvm.dll+0x255b17]
V  [jvm.dll+0x255edd]
V  [jvm.dll+0x24e500]
V  [jvm.dll+0x24ba42]
V  [jvm.dll+0x1cb34e]
V  [jvm.dll+0x25b85d]
V  [jvm.dll+0x259dea]
V  [jvm.dll+0x3f857e]
V  [jvm.dll+0x85f59d]
V  [jvm.dll+0x6d626d]
C  [ucrtbase.dll+0x37b0]
C  [KERNEL32.DLL+0x2e8d7]
C  [ntdll.dll+0x8c48c]


---------------  P R O C E S S  ---------------

Threads class SMR info:
_java_thread_list=0x000001c1eb6a4e70, length=16, elements={
0x000001c1cdeba850, 0x000001c1e496d060, 0x000001c1e6870d60, 0x000001c1e6875070,
0x000001c1e6878bf0, 0x000001c1e687ad80, 0x000001c1e68828b0, 0x000001c1e688fcb0,
0x000001c1e68930a0, 0x000001c1e6abc030, 0x000001c1e6af58d0, 0x000001c1eb56c8b0,
0x000001c1eb1dab20, 0x000001c1eb1db460, 0x000001c1eb1c0870, 0x000001c1eb5970d0
}

Java Threads: ( => current thread )
  0x000001c1cdeba850 JavaThread "main"                              [_thread_blocked, id=492, stack(0x0000005008300000,0x0000005008400000) (1024K)]
  0x000001c1e496d060 JavaThread "Reference Handler"          daemon [_thread_blocked, id=34072, stack(0x0000005008700000,0x0000005008800000) (1024K)]
  0x000001c1e6870d60 JavaThread "Finalizer"                  daemon [_thread_blocked, id=22732, stack(0x0000005008800000,0x0000005008900000) (1024K)]
  0x000001c1e6875070 JavaThread "Signal Dispatcher"          daemon [_thread_blocked, id=4036, stack(0x0000005008900000,0x0000005008a00000) (1024K)]
  0x000001c1e6878bf0 JavaThread "Attach Listener"            daemon [_thread_blocked, id=17732, stack(0x0000005008a00000,0x0000005008b00000) (1024K)]
  0x000001c1e687ad80 JavaThread "Service Thread"             daemon [_thread_blocked, id=29840, stack(0x0000005008b00000,0x0000005008c00000) (1024K)]
  0x000001c1e68828b0 JavaThread "Monitor Deflation Thread"   daemon [_thread_blocked, id=4076, stack(0x0000005008c00000,0x0000005008d00000) (1024K)]
=>0x000001c1e688fcb0 JavaThread "C2 CompilerThread0"         daemon [_thread_in_native, id=7920, stack(0x0000005008d00000,0x0000005008e00000) (1024K)]
  0x000001c1e68930a0 JavaThread "C1 CompilerThread0"         daemon [_thread_blocked, id=15000, stack(0x0000005008e00000,0x0000005008f00000) (1024K)]
  0x000001c1e6abc030 JavaThread "Common-Cleaner"             daemon [_thread_blocked, id=3388, stack(0x0000005008f00000,0x0000005009000000) (1024K)]
  0x000001c1e6af58d0 JavaThread "Notification Thread"        daemon [_thread_blocked, id=11700, stack(0x0000005009000000,0x0000005009100000) (1024K)]
  0x000001c1eb56c8b0 JavaThread "Active Thread: Equinox Container: 079cddd6-e5aa-41b6-b5a4-4688fdf48771"        [_thread_blocked, id=15072, stack(0x0000005009700000,0x0000005009800000) (1024K)]
  0x000001c1eb1dab20 JavaThread "Framework Event Dispatcher: Equinox Container: 079cddd6-e5aa-41b6-b5a4-4688fdf48771" daemon [_thread_blocked, id=22076, stack(0x0000005009800000,0x0000005009900000) (1024K)]
  0x000001c1eb1db460 JavaThread "Start Level: Equinox Container: 079cddd6-e5aa-41b6-b5a4-4688fdf48771" daemon [_thread_in_Java, id=27680, stack(0x0000005009900000,0x0000005009a00000) (1024K)]
  0x000001c1eb1c0870 JavaThread "SCR Component Actor"        daemon [_thread_blocked, id=3868, stack(0x0000005009b00000,0x0000005009c00000) (1024K)]
  0x000001c1eb5970d0 JavaThread "Worker-JM"                         [_thread_blocked, id=33108, stack(0x0000005009c00000,0x0000005009d00000) (1024K)]
Total: 16

Other Threads:
  0x000001c1e49547b0 VMThread "VM Thread"                           [id=34000, stack(0x0000005008600000,0x0000005008700000) (1024K)]
  0x000001c1e484ca00 WatcherThread "VM Periodic Task Thread"        [id=22184, stack(0x0000005008500000,0x0000005008600000) (1024K)]
  0x000001c1cded9f00 WorkerThread "GC Thread#0"                     [id=14664, stack(0x0000005008400000,0x0000005008500000) (1024K)]
  0x000001c1eb3d8e80 WorkerThread "GC Thread#1"                     [id=15212, stack(0x0000005009100000,0x0000005009200000) (1024K)]
  0x000001c1eb3d9230 WorkerThread "GC Thread#2"                     [id=10956, stack(0x0000005009200000,0x0000005009300000) (1024K)]
  0x000001c1eb535ee0 WorkerThread "GC Thread#3"                     [id=2008, stack(0x0000005009300000,0x0000005009400000) (1024K)]
  0x000001c1eb536290 WorkerThread "GC Thread#4"                     [id=3332, stack(0x0000005009400000,0x0000005009500000) (1024K)]
  0x000001c1eb536640 WorkerThread "GC Thread#5"                     [id=8764, stack(0x0000005009500000,0x0000005009600000) (1024K)]
  0x000001c1eb5369f0 WorkerThread "GC Thread#6"                     [id=21868, stack(0x0000005009600000,0x0000005009700000) (1024K)]
  0x000001c1eb43f7d0 WorkerThread "GC Thread#7"                     [id=31396, stack(0x0000005009a00000,0x0000005009b00000) (1024K)]
  0x000001c1eb607090 WorkerThread "GC Thread#8"                     [id=8176, stack(0x0000005009d00000,0x0000005009e00000) (1024K)]
  0x000001c1eb69ecf0 WorkerThread "GC Thread#9"                     [id=4432, stack(0x0000005009e00000,0x0000005009f00000) (1024K)]
Total: 12

Threads with active compile tasks:
C2 CompilerThread0  6879 2171       4       java.util.Properties::loadConvert (540 bytes)
Total: 1

VM state: not at safepoint (normal execution)

VM Mutex/Monitor currently owned by a thread: None

Heap address: 0x0000000080000000, size: 2048 MB, Compressed Oops mode: 32-bit

CDS archive(s) mapped at: [0x000001c180000000-0x000001c180ba0000-0x000001c180ba0000), size 12189696, SharedBaseAddress: 0x000001c180000000, ArchiveRelocationMode: 1.
Compressed class space mapped at: 0x000001c181000000-0x000001c1c1000000, reserved size: 1073741824
Narrow klass base: 0x000001c180000000, Narrow klass shift: 0, Narrow klass range: 0x100000000

GC Precious Log:
 CardTable entry size: 512
 CPUs: 12 total, 12 available
 Memory: 5996M
 Large Page Support: Disabled
 NUMA Support: Disabled
 Compressed Oops: Enabled (32-bit)
 Alignments: Space 512K, Generation 512K, Heap 2M
 Heap Min Capacity: 100M
 Heap Initial Capacity: 100M
 Heap Max Capacity: 2G
 Pre-touch: Disabled
 Parallel Workers: 10

Heap:
 PSYoungGen      total 29696K, used 7170K [0x00000000d5580000, 0x00000000d7680000, 0x0000000100000000)
  eden space 25600K, 12% used [0x00000000d5580000,0x00000000d5881f10,0x00000000d6e80000)
  from space 4096K, 99% used [0x00000000d6e80000,0x00000000d727e9a8,0x00000000d7280000)
  to   space 4096K, 0% used [0x00000000d7280000,0x00000000d7280000,0x00000000d7680000)
 ParOldGen       total 68608K, used 2734K [0x0000000080000000, 0x0000000084300000, 0x00000000d5580000)
  object space 68608K, 3% used [0x0000000080000000,0x00000000802ab9b8,0x0000000084300000)
 Metaspace       used 13229K, committed 13760K, reserved 1114112K
  class space    used 1404K, committed 1664K, reserved 1048576K

Card table byte_map: [0x000001c1cd860000,0x000001c1cdc70000] _byte_map_base: 0x000001c1cd460000

Marking Bits: (ParMarkBitMap*) 0x00007ffbb2453450
 Begin Bits: [0x000001c1e0370000, 0x000001c1e2370000)
 End Bits:   [0x000001c1e2370000, 0x000001c1e4370000)

Polling page: 0x000001c1cbf70000

Metaspace:

Usage:
  Non-class:     11.55 MB used.
      Class:      1.37 MB used.
       Both:     12.92 MB used.

Virtual space:
  Non-class space:       64.00 MB reserved,      11.81 MB ( 18%) committed,  1 nodes.
      Class space:        1.00 GB reserved,       1.62 MB ( <1%) committed,  1 nodes.
             Both:        1.06 GB reserved,      13.44 MB (  1%) committed. 

Chunk freelists:
   Non-Class:  4.14 MB
       Class:  14.41 MB
        Both:  18.55 MB

MaxMetaspaceSize: unlimited
CompressedClassSpaceSize: 1.00 GB
Initial GC threshold: 21.00 MB
Current GC threshold: 21.00 MB
CDS: on
 - commit_granule_bytes: 65536.
 - commit_granule_words: 8192.
 - virtual_space_node_default_size: 8388608.
 - enlarge_chunks_in_place: 1.
 - use_allocation_guard: 0.


Internal statistics:

num_allocs_failed_limit: 0.
num_arena_births: 386.
num_arena_deaths: 0.
num_vsnodes_births: 2.
num_vsnodes_deaths: 0.
num_space_committed: 215.
num_space_uncommitted: 0.
num_chunks_returned_to_freelist: 0.
num_chunks_taken_from_freelist: 828.
num_chunk_merges: 0.
num_chunk_splits: 527.
num_chunks_enlarged: 341.
num_inconsistent_stats: 0.

CodeHeap 'non-profiled nmethods': size=120000Kb used=868Kb max_used=868Kb free=119131Kb
 bounds [0x000001c1d8b90000, 0x000001c1d8e00000, 0x000001c1e00c0000]
CodeHeap 'profiled nmethods': size=120000Kb used=4295Kb max_used=4295Kb free=115704Kb
 bounds [0x000001c1d10c0000, 0x000001c1d1500000, 0x000001c1d85f0000]
CodeHeap 'non-nmethods': size=5760Kb used=1250Kb max_used=1268Kb free=4510Kb
 bounds [0x000001c1d85f0000, 0x000001c1d8860000, 0x000001c1d8b90000]
CodeCache: size=245760Kb, used=6413Kb, max_used=6431Kb, free=239345Kb
 total_blobs=2785, nmethods=2267, adapters=424, full_count=0
Compilation: enabled, stopped_count=0, restarted_count=0

Compilation events (20 events):
Event: 4.755 Thread 0x000001c1e68930a0 nmethod 2228 0x000001c1d14d7390 code [0x000001c1d14d7560, 0x000001c1d14d7990]
Event: 4.755 Thread 0x000001c1e68930a0 2229       3       java.lang.invoke.InvokerBytecodeGenerator::generateCustomizedCode (34 bytes)
Event: 4.756 Thread 0x000001c1e68930a0 nmethod 2229 0x000001c1d14d7a90 code [0x000001c1d14d7c80, 0x000001c1d14d7f40]
Event: 4.757 Thread 0x000001c1e68930a0 2230       3       jdk.internal.misc.Unsafe::checkPrimitivePointer (19 bytes)
Event: 4.758 Thread 0x000001c1e68930a0 nmethod 2230 0x000001c1d14d8090 code [0x000001c1d14d82a0, 0x000001c1d14d8898]
Event: 4.758 Thread 0x000001c1e68930a0 2231       3       jdk.internal.misc.Unsafe::checkPointer (19 bytes)
Event: 4.759 Thread 0x000001c1e68930a0 nmethod 2231 0x000001c1d14d8b10 code [0x000001c1d14d8ce0, 0x000001c1d14d9068]
Event: 4.765 Thread 0x000001c1e68930a0 2233       3       sun.reflect.generics.parser.SignatureParser::current (59 bytes)
Event: 4.766 Thread 0x000001c1e68930a0 nmethod 2233 0x000001c1d14d9210 code [0x000001c1d14d9420, 0x000001c1d14d9af0]
Event: 4.767 Thread 0x000001c1e68930a0 2234       3       sun.reflect.generics.parser.SignatureParser::advance (53 bytes)
Event: 4.767 Thread 0x000001c1e68930a0 nmethod 2234 0x000001c1d14d9e10 code [0x000001c1d14d9fc0, 0x000001c1d14da210]
Event: 4.767 Thread 0x000001c1e68930a0 2235       3       java.security.AccessController::doPrivileged (9 bytes)
Event: 4.767 Thread 0x000001c1e68930a0 nmethod 2235 0x000001c1d14da310 code [0x000001c1d14da4e0, 0x000001c1d14da818]
Event: 4.767 Thread 0x000001c1e68930a0 2237       3       jdk.internal.org.objectweb.asm.Frame::merge (317 bytes)
Event: 4.768 Thread 0x000001c1e68930a0 nmethod 2237 0x000001c1d14da990 code [0x000001c1d14dabc0, 0x000001c1d14db480]
Event: 4.768 Thread 0x000001c1e68930a0 2236       3       jdk.internal.org.objectweb.asm.Frame::getInputStackSize (6 bytes)
Event: 4.769 Thread 0x000001c1e68930a0 nmethod 2236 0x000001c1d14db690 code [0x000001c1d14db820, 0x000001c1d14db938]
Event: 4.771 Thread 0x000001c1e68930a0 2238       3       java.lang.invoke.LambdaFormBuffer::indexOf (33 bytes)
Event: 4.771 Thread 0x000001c1e68930a0 nmethod 2238 0x000001c1d14dba10 code [0x000001c1d14dbbe0, 0x000001c1d14dbf90]
Event: 5.756 Thread 0x000001c1e68930a0 2239       3       java.util.concurrent.Semaphore$NonfairSync::tryAcquireShared (6 bytes)

GC Heap History (6 events):
Event: 1.635 GC heap before
{Heap before GC invocations=1 (full 0):
 PSYoungGen      total 29696K, used 25600K [0x00000000d5580000, 0x00000000d7680000, 0x0000000100000000)
  eden space 25600K, 100% used [0x00000000d5580000,0x00000000d6e80000,0x00000000d6e80000)
  from space 4096K, 0% used [0x00000000d7280000,0x00000000d7280000,0x00000000d7680000)
  to   space 4096K, 0% used [0x00000000d6e80000,0x00000000d6e80000,0x00000000d7280000)
 ParOldGen       total 68608K, used 0K [0x0000000080000000, 0x0000000084300000, 0x00000000d5580000)
  object space 68608K, 0% used [0x0000000080000000,0x0000000080000000,0x0000000084300000)
 Metaspace       used 4373K, committed 4608K, reserved 1114112K
  class space    used 474K, committed 576K, reserved 1048576K
}
Event: 1.652 GC heap after
{Heap after GC invocations=1 (full 0):
 PSYoungGen      total 29696K, used 3255K [0x00000000d5580000, 0x00000000d7680000, 0x0000000100000000)
  eden space 25600K, 0% used [0x00000000d5580000,0x00000000d5580000,0x00000000d6e80000)
  from space 4096K, 79% used [0x00000000d6e80000,0x00000000d71adea8,0x00000000d7280000)
  to   space 4096K, 0% used [0x00000000d7280000,0x00000000d7280000,0x00000000d7680000)
 ParOldGen       total 68608K, used 16K [0x0000000080000000, 0x0000000084300000, 0x00000000d5580000)
  object space 68608K, 0% used [0x0000000080000000,0x0000000080004000,0x0000000084300000)
 Metaspace       used 4373K, committed 4608K, reserved 1114112K
  class space    used 474K, committed 576K, reserved 1048576K
}
Event: 3.844 GC heap before
{Heap before GC invocations=2 (full 0):
 PSYoungGen      total 29696K, used 28855K [0x00000000d5580000, 0x00000000d7680000, 0x0000000100000000)
  eden space 25600K, 100% used [0x00000000d5580000,0x00000000d6e80000,0x00000000d6e80000)
  from space 4096K, 79% used [0x00000000d6e80000,0x00000000d71adea8,0x00000000d7280000)
  to   space 4096K, 0% used [0x00000000d7280000,0x00000000d7280000,0x00000000d7680000)
 ParOldGen       total 68608K, used 16K [0x0000000080000000, 0x0000000084300000, 0x00000000d5580000)
  object space 68608K, 0% used [0x0000000080000000,0x0000000080004000,0x0000000084300000)
 Metaspace       used 8051K, committed 8320K, reserved 1114112K
  class space    used 852K, committed 960K, reserved 1048576K
}
Event: 3.854 GC heap after
{Heap after GC invocations=2 (full 0):
 PSYoungGen      total 29696K, used 4090K [0x00000000d5580000, 0x00000000d7680000, 0x0000000100000000)
  eden space 25600K, 0% used [0x00000000d5580000,0x00000000d5580000,0x00000000d6e80000)
  from space 4096K, 99% used [0x00000000d7280000,0x00000000d767ea80,0x00000000d7680000)
  to   space 4096K, 0% used [0x00000000d6e80000,0x00000000d6e80000,0x00000000d7280000)
 ParOldGen       total 68608K, used 1119K [0x0000000080000000, 0x0000000084300000, 0x00000000d5580000)
  object space 68608K, 1% used [0x0000000080000000,0x0000000080117e48,0x0000000084300000)
 Metaspace       used 8051K, committed 8320K, reserved 1114112K
  class space    used 852K, committed 960K, reserved 1048576K
}
Event: 4.744 GC heap before
{Heap before GC invocations=3 (full 0):
 PSYoungGen      total 29696K, used 29690K [0x00000000d5580000, 0x00000000d7680000, 0x0000000100000000)
  eden space 25600K, 100% used [0x00000000d5580000,0x00000000d6e80000,0x00000000d6e80000)
  from space 4096K, 99% used [0x00000000d7280000,0x00000000d767ea80,0x00000000d7680000)
  to   space 4096K, 0% used [0x00000000d6e80000,0x00000000d6e80000,0x00000000d7280000)
 ParOldGen       total 68608K, used 1119K [0x0000000080000000, 0x0000000084300000, 0x00000000d5580000)
  object space 68608K, 1% used [0x0000000080000000,0x0000000080117e48,0x0000000084300000)
 Metaspace       used 12832K, committed 13312K, reserved 1114112K
  class space    used 1364K, committed 1600K, reserved 1048576K
}
Event: 4.751 GC heap after
{Heap after GC invocations=3 (full 0):
 PSYoungGen      total 29696K, used 4090K [0x00000000d5580000, 0x00000000d7680000, 0x0000000100000000)
  eden space 25600K, 0% used [0x00000000d5580000,0x00000000d5580000,0x00000000d6e80000)
  from space 4096K, 99% used [0x00000000d6e80000,0x00000000d727e9a8,0x00000000d7280000)
  to   space 4096K, 0% used [0x00000000d7280000,0x00000000d7280000,0x00000000d7680000)
 ParOldGen       total 68608K, used 2734K [0x0000000080000000, 0x0000000084300000, 0x00000000d5580000)
  object space 68608K, 3% used [0x0000000080000000,0x00000000802ab9b8,0x0000000084300000)
 Metaspace       used 12832K, committed 13312K, reserved 1114112K
  class space    used 1364K, committed 1600K, reserved 1048576K
}

Dll operation events (9 events):
Event: 0.024 Loaded shared library c:\Users\bhavi\.vscode\extensions\redhat.java-1.53.0-win32-x64\jre\21.0.10-win32-x86_64\bin\java.dll
Event: 0.148 Loaded shared library c:\Users\bhavi\.vscode\extensions\redhat.java-1.53.0-win32-x64\jre\21.0.10-win32-x86_64\bin\zip.dll
Event: 0.185 Loaded shared library C:\Users\bhavi\.vscode\extensions\redhat.java-1.53.0-win32-x64\jre\21.0.10-win32-x86_64\bin\instrument.dll
Event: 0.195 Loaded shared library C:\Users\bhavi\.vscode\extensions\redhat.java-1.53.0-win32-x64\jre\21.0.10-win32-x86_64\bin\net.dll
Event: 0.200 Loaded shared library C:\Users\bhavi\.vscode\extensions\redhat.java-1.53.0-win32-x64\jre\21.0.10-win32-x86_64\bin\nio.dll
Event: 0.207 Loaded shared library C:\Users\bhavi\.vscode\extensions\redhat.java-1.53.0-win32-x64\jre\21.0.10-win32-x86_64\bin\zip.dll
Event: 0.236 Loaded shared library C:\Users\bhavi\.vscode\extensions\redhat.java-1.53.0-win32-x64\jre\21.0.10-win32-x86_64\bin\jimage.dll
Event: 0.361 Loaded shared library c:\Users\bhavi\.vscode\extensions\redhat.java-1.53.0-win32-x64\jre\21.0.10-win32-x86_64\bin\verify.dll
Event: 3.849 Loaded shared library C:\Users\bhavi\AppData\Roaming\Code\User\globalStorage\redhat.java\1.53.0\config_ss_win\org.eclipse.equinox.launcher\org.eclipse.equinox.launcher.win32.win32.x86_64_1.3.0.v20260203-2149\eclipse_11919.dll

Deoptimization events (20 events):
Event: 4.349 Thread 0x000001c1eb1db460 DEOPT PACKING pc=0x000001c1d8c48a94 sp=0x00000050099fb970
Event: 4.349 Thread 0x000001c1eb1db460 DEOPT UNPACKING pc=0x000001c1d8643aa2 sp=0x00000050099fb968 mode 2
Event: 4.542 Thread 0x000001c1eb1db460 Uncommon trap: trap_request=0xffffffc6 fr.pc=0x000001c1d8c5819c relative=0x000000000000045c
Event: 4.542 Thread 0x000001c1eb1db460 Uncommon trap: reason=bimorphic_or_optimized_type_check action=maybe_recompile pc=0x000001c1d8c5819c method=java.io.DataInputStream.readUnsignedByte()I @ 4 c2
Event: 4.542 Thread 0x000001c1eb1db460 DEOPT PACKING pc=0x000001c1d8c5819c sp=0x00000050099f89f0
Event: 4.543 Thread 0x000001c1eb1db460 DEOPT UNPACKING pc=0x000001c1d8643aa2 sp=0x00000050099f8938 mode 2
Event: 4.543 Thread 0x000001c1eb1db460 Uncommon trap: trap_request=0xffffffc6 fr.pc=0x000001c1d8c5819c relative=0x000000000000045c
Event: 4.543 Thread 0x000001c1eb1db460 Uncommon trap: reason=bimorphic_or_optimized_type_check action=maybe_recompile pc=0x000001c1d8c5819c method=java.io.DataInputStream.readUnsignedByte()I @ 4 c2
Event: 4.543 Thread 0x000001c1eb1db460 DEOPT PACKING pc=0x000001c1d8c5819c sp=0x00000050099f8960
Event: 4.543 Thread 0x000001c1eb1db460 DEOPT UNPACKING pc=0x000001c1d8643aa2 sp=0x00000050099f88a8 mode 2
Event: 4.543 Thread 0x000001c1eb1db460 Uncommon trap: trap_request=0xffffffc6 fr.pc=0x000001c1d8c5819c relative=0x000000000000045c
Event: 4.543 Thread 0x000001c1eb1db460 Uncommon trap: reason=bimorphic_or_optimized_type_check action=maybe_recompile pc=0x000001c1d8c5819c method=java.io.DataInputStream.readUnsignedByte()I @ 4 c2
Event: 4.543 Thread 0x000001c1eb1db460 DEOPT PACKING pc=0x000001c1d8c5819c sp=0x00000050099f8960
Event: 4.543 Thread 0x000001c1eb1db460 DEOPT UNPACKING pc=0x000001c1d8643aa2 sp=0x00000050099f88a8 mode 2
Event: 4.543 Thread 0x000001c1eb1db460 Uncommon trap: trap_request=0xffffffc6 fr.pc=0x000001c1d8c5819c relative=0x000000000000045c
Event: 4.543 Thread 0x000001c1eb1db460 Uncommon trap: reason=bimorphic_or_optimized_type_check action=maybe_recompile pc=0x000001c1d8c5819c method=java.io.DataInputStream.readUnsignedByte()I @ 4 c2
Event: 4.543 Thread 0x000001c1eb1db460 DEOPT PACKING pc=0x000001c1d8c5819c sp=0x00000050099f8960
Event: 4.543 Thread 0x000001c1eb1db460 DEOPT UNPACKING pc=0x000001c1d8643aa2 sp=0x00000050099f88a8 mode 2
Event: 4.738 Thread 0x000001c1eb1db460 DEOPT PACKING pc=0x000001c1d1175a39 sp=0x00000050099f5e20
Event: 4.738 Thread 0x000001c1eb1db460 DEOPT UNPACKING pc=0x000001c1d8644242 sp=0x00000050099f5320 mode 0

Classes loaded (20 events):
Event: 4.685 Loading class java/lang/AbstractMethodError
Event: 4.686 Loading class java/lang/AbstractMethodError done
Event: 4.760 Loading class java/lang/foreign/ValueLayout
Event: 4.760 Loading class java/lang/foreign/MemoryLayout
Event: 4.761 Loading class java/lang/foreign/MemoryLayout done
Event: 4.761 Loading class java/lang/foreign/ValueLayout done
Event: 4.761 Loading class java/io/ObjectInputStream
Event: 4.762 Loading class java/io/ObjectInput
Event: 4.763 Loading class java/io/ObjectInput done
Event: 4.763 Loading class java/io/ObjectStreamConstants
Event: 4.763 Loading class java/io/ObjectStreamConstants done
Event: 4.763 Loading class java/io/ObjectInputStream done
Event: 4.763 Loading class java/io/ObjectOutputStream
Event: 4.763 Loading class java/io/ObjectOutput
Event: 4.764 Loading class java/io/ObjectOutput done
Event: 4.764 Loading class java/io/ObjectOutputStream done
Event: 4.764 Loading class java/lang/constant/ClassDesc
Event: 4.764 Loading class java/lang/constant/ClassDesc done
Event: 4.765 Loading class jdk/internal/vm/annotation/ForceInline
Event: 4.766 Loading class jdk/internal/vm/annotation/ForceInline done

Classes unloaded (0 events):
No events

Classes redefined (0 events):
No events

Internal exceptions (20 events):
Event: 1.750 Thread 0x000001c1cdeba850 Exception <a 'java/lang/NoSuchMethodError'{0x00000000d56da5f8}: 'void java.lang.invoke.DirectMethodHandle$Holder.invokeStatic(java.lang.Object, java.lang.Object, java.lang.Object, java.lang.Object)'> (0x00000000d56da5f8) 
thrown [s\src\hotspot\share\interpreter\linkResolver.cpp, line 773]
Event: 1.752 Thread 0x000001c1cdeba850 Implicit null exception at 0x000001c1d8beda1a to 0x000001c1d8bedc24
Event: 1.753 Thread 0x000001c1cdeba850 Implicit null exception at 0x000001c1d8be86bd to 0x000001c1d8be8741
Event: 1.907 Thread 0x000001c1cdeba850 Exception <a 'java/lang/NoSuchMethodError'{0x00000000d599f6c0}: 'void java.lang.invoke.DirectMethodHandle$Holder.invokeSpecial(java.lang.Object, java.lang.Object, java.lang.Object)'> (0x00000000d599f6c0) 
thrown [s\src\hotspot\share\interpreter\linkResolver.cpp, line 773]
Event: 3.276 Thread 0x000001c1cdeba850 Exception <a 'java/lang/NoSuchMethodError'{0x00000000d62cf5c8}: 'int java.lang.invoke.DirectMethodHandle$Holder.invokeVirtual(java.lang.Object, java.lang.Object)'> (0x00000000d62cf5c8) 
thrown [s\src\hotspot\share\interpreter\linkResolver.cpp, line 773]
Event: 3.411 Thread 0x000001c1cdeba850 Exception <a 'java/lang/NoSuchMethodError'{0x00000000d6454548}: 'int java.lang.invoke.DirectMethodHandle$Holder.invokeStaticInit(java.lang.Object, java.lang.Object, java.lang.Object, java.lang.Object)'> (0x00000000d6454548) 
thrown [s\src\hotspot\share\interpreter\linkResolver.cpp, line 773]
Event: 3.413 Thread 0x000001c1cdeba850 Exception <a 'java/lang/IncompatibleClassChangeError'{0x00000000d645c950}: Found class java.lang.Object, but interface was expected> (0x00000000d645c950) 
thrown [s\src\hotspot\share\interpreter\linkResolver.cpp, line 840]
Event: 3.415 Thread 0x000001c1cdeba850 Exception <a 'java/lang/NoSuchMethodError'{0x00000000d6463820}: 'void java.lang.invoke.DirectMethodHandle$Holder.invokeStaticInit(java.lang.Object, java.lang.Object)'> (0x00000000d6463820) 
thrown [s\src\hotspot\share\interpreter\linkResolver.cpp, line 773]
Event: 3.417 Thread 0x000001c1cdeba850 Exception <a 'java/lang/NoSuchMethodError'{0x00000000d646d318}: 'int java.lang.invoke.DirectMethodHandle$Holder.invokeStaticInit(java.lang.Object, java.lang.Object)'> (0x00000000d646d318) 
thrown [s\src\hotspot\share\interpreter\linkResolver.cpp, line 773]
Event: 3.486 Thread 0x000001c1cdeba850 Exception <a 'java/lang/NoSuchMethodError'{0x00000000d66e0f40}: 'java.lang.Object java.lang.invoke.DirectMethodHandle$Holder.newInvokeSpecial(java.lang.Object, int, java.lang.Object)'> (0x00000000d66e0f40) 
thrown [s\src\hotspot\share\interpreter\linkResolver.cpp, line 773]
Event: 3.547 Thread 0x000001c1cdeba850 Exception <a 'java/lang/ClassNotFoundException'{0x00000000d691f098}: sun/net/www/protocol/plurl/Handler> (0x00000000d691f098) 
thrown [s\src\hotspot\share\classfile\systemDictionary.cpp, line 312]
Event: 3.547 Thread 0x000001c1cdeba850 Exception <a 'java/lang/ClassNotFoundException'{0x00000000d691ff18}: sun/net/www/protocol/plurl/Handler> (0x00000000d691ff18) 
thrown [s\src\hotspot\share\classfile\systemDictionary.cpp, line 312]
Event: 3.830 Thread 0x000001c1cdeba850 Exception <a 'java/lang/UnsatisfiedLinkError'{0x00000000d6d8b298}: 'void org.eclipse.equinox.launcher.JNIBridge._update_splash()'> (0x00000000d6d8b298) 
thrown [s\src\hotspot\share\prims\nativeLookup.cpp, line 415]
Event: 3.970 Thread 0x000001c1eb1db460 Exception <a 'java/lang/NullPointerException'{0x00000000d58ce150}> (0x00000000d58ce150) 
thrown [s\src\hotspot\share\interpreter\linkResolver.cpp, line 1372]
Event: 3.970 Thread 0x000001c1eb1db460 Exception <a 'java/lang/NullPointerException'{0x00000000d58ce430}> (0x00000000d58ce430) 
thrown [s\src\hotspot\share\interpreter\linkResolver.cpp, line 1372]
Event: 4.262 Thread 0x000001c1eb1db460 Exception <a 'java/lang/NoSuchMethodError'{0x00000000d61c7758}: 'long java.lang.invoke.DirectMethodHandle$Holder.invokeSpecial(java.lang.Object, java.lang.Object)'> (0x00000000d61c7758) 
thrown [s\src\hotspot\share\interpreter\linkResolver.cpp, line 773]
Event: 4.334 Thread 0x000001c1eb1db460 Exception <a 'java/io/FileNotFoundException'{0x00000000d63b4d80}> (0x00000000d63b4d80) 
thrown [s\src\hotspot\share\prims\jni.cpp, line 520]
Event: 4.492 Thread 0x000001c1eb1db460 Exception <a 'java/lang/NoSuchMethodError'{0x00000000d66adf28}: 'java.lang.Object java.lang.invoke.Invokers$Holder.linkToTargetMethod(java.lang.Object, long, java.lang.Object)'> (0x00000000d66adf28) 
thrown [s\src\hotspot\share\interpreter\linkResolver.cpp, line 773]
Event: 4.587 Thread 0x000001c1eb1db460 Exception <a 'java/lang/NoSuchMethodError'{0x00000000d6a35858}: 'void java.lang.invoke.DirectMethodHandle$Holder.invokeInterface(java.lang.Object, java.lang.Object, java.lang.Object)'> (0x00000000d6a35858) 
thrown [s\src\hotspot\share\interpreter\linkResolver.cpp, line 773]
Event: 4.642 Thread 0x000001c1eb1db460 Exception <a 'java/lang/NoSuchMethodError'{0x00000000d6c479f8}: 'void java.lang.invoke.Invokers$Holder.invokeExact_MT(java.lang.Object, java.lang.Object, java.lang.Object)'> (0x00000000d6c479f8) 
thrown [s\src\hotspot\share\interpreter\linkResolver.cpp, line 773]

ZGC Phase Switch (0 events):
No events

VM Operations (20 events):
Event: 2.665 Executing safepoint VM operation: Cleanup
Event: 2.665 Executing safepoint VM operation: Cleanup done
Event: 3.457 Executing non-safepoint VM operation: HandshakeAllThreads (Deoptimize)
Event: 3.457 Executing non-safepoint VM operation: HandshakeAllThreads (Deoptimize) done
Event: 3.469 Executing non-safepoint VM operation: HandshakeAllThreads (Deoptimize)
Event: 3.469 Executing non-safepoint VM operation: HandshakeAllThreads (Deoptimize) done
Event: 3.522 Executing non-safepoint VM operation: HandshakeAllThreads (Deoptimize)
Event: 3.522 Executing non-safepoint VM operation: HandshakeAllThreads (Deoptimize) done
Event: 3.541 Executing non-safepoint VM operation: HandshakeAllThreads (Deoptimize)
Event: 3.541 Executing non-safepoint VM operation: HandshakeAllThreads (Deoptimize) done
Event: 3.844 Executing safepoint VM operation: ParallelGCFailedAllocation (Allocation Failure)
Event: 3.854 Executing safepoint VM operation: ParallelGCFailedAllocation (Allocation Failure) done
Event: 4.137 Executing non-safepoint VM operation: HandshakeAllThreads (Deoptimize)
Event: 4.137 Executing non-safepoint VM operation: HandshakeAllThreads (Deoptimize) done
Event: 4.544 Executing non-safepoint VM operation: HandshakeAllThreads (Deoptimize)
Event: 4.544 Executing non-safepoint VM operation: HandshakeAllThreads (Deoptimize) done
Event: 4.743 Executing safepoint VM operation: ParallelGCFailedAllocation (Allocation Failure)
Event: 4.751 Executing safepoint VM operation: ParallelGCFailedAllocation (Allocation Failure) done
Event: 5.756 Executing safepoint VM operation: Cleanup
Event: 5.756 Executing safepoint VM operation: Cleanup done

Memory protections (0 events):
No events

Nmethod flushes (0 events):
No events

Events (16 events):
Event: 0.062 Thread 0x000001c1cdeba850 Thread added: 0x000001c1cdeba850
Event: 0.091 Thread 0x000001c1cdeba850 Thread added: 0x000001c1e496d060
Event: 0.091 Thread 0x000001c1cdeba850 Thread added: 0x000001c1e6870d60
Event: 0.092 Thread 0x000001c1cdeba850 Thread added: 0x000001c1e6875070
Event: 0.092 Thread 0x000001c1cdeba850 Thread added: 0x000001c1e6878bf0
Event: 0.092 Thread 0x000001c1cdeba850 Thread added: 0x000001c1e687ad80
Event: 0.092 Thread 0x000001c1cdeba850 Thread added: 0x000001c1e68828b0
Event: 0.092 Thread 0x000001c1cdeba850 Thread added: 0x000001c1e688fcb0
Event: 0.093 Thread 0x000001c1cdeba850 Thread added: 0x000001c1e68930a0
Event: 0.189 Thread 0x000001c1cdeba850 Thread added: 0x000001c1e6abc030
Event: 0.556 Thread 0x000001c1cdeba850 Thread added: 0x000001c1e6af58d0
Event: 3.440 Thread 0x000001c1cdeba850 Thread added: 0x000001c1eb56c8b0
Event: 3.817 Thread 0x000001c1cdeba850 Thread added: 0x000001c1eb1dab20
Event: 3.827 Thread 0x000001c1cdeba850 Thread added: 0x000001c1eb1db460
Event: 4.116 Thread 0x000001c1eb1db460 Thread added: 0x000001c1eb1c0870
Event: 4.598 Thread 0x000001c1eb1db460 Thread added: 0x000001c1eb5970d0


Dynamic libraries:
0x00007ff79b500000 - 0x00007ff79b50e000 	c:\Users\bhavi\.vscode\extensions\redhat.java-1.53.0-win32-x64\jre\21.0.10-win32-x86_64\bin\java.exe
0x00007ffcbf220000 - 0x00007ffcbf487000 	C:\WINDOWS\SYSTEM32\ntdll.dll
0x00007ffcbdc50000 - 0x00007ffcbdd19000 	C:\WINDOWS\System32\KERNEL32.DLL
0x00007ffcbcbc0000 - 0x00007ffcbcfb1000 	C:\WINDOWS\System32\KERNELBASE.dll
0x00007ffcbbb00000 - 0x00007ffcbbc4b000 	C:\WINDOWS\System32\ucrtbase.dll
0x00007ffcabb70000 - 0x00007ffcabb88000 	c:\Users\bhavi\.vscode\extensions\redhat.java-1.53.0-win32-x64\jre\21.0.10-win32-x86_64\bin\jli.dll
0x00007ffcab9b0000 - 0x00007ffcab9ce000 	c:\Users\bhavi\.vscode\extensions\redhat.java-1.53.0-win32-x64\jre\21.0.10-win32-x86_64\bin\VCRUNTIME140.dll
0x00007ffcbde00000 - 0x00007ffcbdfc5000 	C:\WINDOWS\System32\USER32.dll
0x00007ffcbc120000 - 0x00007ffcbc147000 	C:\WINDOWS\System32\win32u.dll
0x00007ffca9ee0000 - 0x00007ffcaa173000 	C:\WINDOWS\WinSxS\amd64_microsoft.windows.common-controls_6595b64144ccf1df_6.0.26100.8037_none_3e092faae333b53b\COMCTL32.dll
0x00007ffcbdfe0000 - 0x00007ffcbe089000 	C:\WINDOWS\System32\msvcrt.dll
0x00007ffcbd920000 - 0x00007ffcbd94b000 	C:\WINDOWS\System32\GDI32.dll
0x00007ffcbbe90000 - 0x00007ffcbbfbb000 	C:\WINDOWS\System32\gdi32full.dll
0x00007ffcbc070000 - 0x00007ffcbc113000 	C:\WINDOWS\System32\msvcp_win.dll
0x00007ffcbe3e0000 - 0x00007ffcbe411000 	C:\WINDOWS\System32\IMM32.DLL
0x00007ffcb1820000 - 0x00007ffcb182c000 	c:\Users\bhavi\.vscode\extensions\redhat.java-1.53.0-win32-x64\jre\21.0.10-win32-x86_64\bin\vcruntime140_1.dll
0x00007ffbc1330000 - 0x00007ffbc13bd000 	c:\Users\bhavi\.vscode\extensions\redhat.java-1.53.0-win32-x64\jre\21.0.10-win32-x86_64\bin\msvcp140.dll
0x00007ffbb1790000 - 0x00007ffbb2531000 	c:\Users\bhavi\.vscode\extensions\redhat.java-1.53.0-win32-x64\jre\21.0.10-win32-x86_64\bin\server\jvm.dll
0x00007ffcbe810000 - 0x00007ffcbe8cb000 	C:\WINDOWS\System32\ADVAPI32.dll
0x00007ffcbe190000 - 0x00007ffcbe237000 	C:\WINDOWS\System32\sechost.dll
0x00007ffcbd450000 - 0x00007ffcbd568000 	C:\WINDOWS\System32\RPCRT4.dll
0x00007ffcbd950000 - 0x00007ffcbd9c4000 	C:\WINDOWS\System32\WS2_32.dll
0x00007ffcbb960000 - 0x00007ffcbb9be000 	C:\WINDOWS\SYSTEM32\POWRPROF.dll
0x00007ffcb99c0000 - 0x00007ffcb99f5000 	C:\WINDOWS\SYSTEM32\WINMM.dll
0x00007ffcb4ef0000 - 0x00007ffcb4efb000 	C:\WINDOWS\SYSTEM32\VERSION.dll
0x00007ffcbb940000 - 0x00007ffcbb954000 	C:\WINDOWS\SYSTEM32\UMPDC.dll
0x00007ffcba890000 - 0x00007ffcba8ab000 	C:\WINDOWS\SYSTEM32\kernel.appcore.dll
0x00007ffcb1450000 - 0x00007ffcb145a000 	c:\Users\bhavi\.vscode\extensions\redhat.java-1.53.0-win32-x64\jre\21.0.10-win32-x86_64\bin\jimage.dll
0x00007ffcb9740000 - 0x00007ffcb9982000 	C:\WINDOWS\SYSTEM32\DBGHELP.DLL
0x00007ffcbe420000 - 0x00007ffcbe7a2000 	C:\WINDOWS\System32\combase.dll
0x00007ffcbdd20000 - 0x00007ffcbddf7000 	C:\WINDOWS\System32\OLEAUT32.dll
0x00007ffcb9700000 - 0x00007ffcb973b000 	C:\WINDOWS\SYSTEM32\dbgcore.DLL
0x00007ffcbbfc0000 - 0x00007ffcbc065000 	C:\WINDOWS\System32\bcryptPrimitives.dll
0x00007ffcb0f50000 - 0x00007ffcb0f5f000 	c:\Users\bhavi\.vscode\extensions\redhat.java-1.53.0-win32-x64\jre\21.0.10-win32-x86_64\bin\instrument.dll
0x00007ffcab6a0000 - 0x00007ffcab6c0000 	c:\Users\bhavi\.vscode\extensions\redhat.java-1.53.0-win32-x64\jre\21.0.10-win32-x86_64\bin\java.dll
0x00007ffcbe8d0000 - 0x00007ffcbf02f000 	C:\WINDOWS\System32\SHELL32.dll
0x00007ffcbc150000 - 0x00007ffcbc2ba000 	C:\WINDOWS\System32\wintypes.dll
0x00007ffcbc2c0000 - 0x00007ffcbcb24000 	C:\WINDOWS\System32\windows.storage.dll
0x00007ffcbe090000 - 0x00007ffcbe187000 	C:\WINDOWS\System32\SHCORE.dll
0x00007ffcbf170000 - 0x00007ffcbf1d7000 	C:\WINDOWS\System32\shlwapi.dll
0x00007ffcbba20000 - 0x00007ffcbba49000 	C:\WINDOWS\SYSTEM32\profapi.dll
0x00007ffcb0420000 - 0x00007ffcb0438000 	c:\Users\bhavi\.vscode\extensions\redhat.java-1.53.0-win32-x64\jre\21.0.10-win32-x86_64\bin\zip.dll
0x00007ffcb0f10000 - 0x00007ffcb0f20000 	C:\Users\bhavi\.vscode\extensions\redhat.java-1.53.0-win32-x64\jre\21.0.10-win32-x86_64\bin\net.dll
0x00007ffcb1900000 - 0x00007ffcb1a27000 	C:\WINDOWS\SYSTEM32\WINHTTP.dll
0x00007ffcbae00000 - 0x00007ffcbae6b000 	C:\WINDOWS\system32\mswsock.dll
0x00007ffc9b780000 - 0x00007ffc9b796000 	C:\Users\bhavi\.vscode\extensions\redhat.java-1.53.0-win32-x64\jre\21.0.10-win32-x86_64\bin\nio.dll
0x00007ffcb0650000 - 0x00007ffcb0660000 	c:\Users\bhavi\.vscode\extensions\redhat.java-1.53.0-win32-x64\jre\21.0.10-win32-x86_64\bin\verify.dll
0x00007ffc02840000 - 0x00007ffc02885000 	C:\Users\bhavi\AppData\Roaming\Code\User\globalStorage\redhat.java\1.53.0\config_ss_win\org.eclipse.equinox.launcher\org.eclipse.equinox.launcher.win32.win32.x86_64_1.3.0.v20260203-2149\eclipse_11919.dll
0x00007ffcbe240000 - 0x00007ffcbe3d5000 	C:\WINDOWS\System32\ole32.dll
0x00007ffc7e3f0000 - 0x00007ffc7e3fa000 	C:\Users\bhavi\.vscode\extensions\redhat.java-1.53.0-win32-x64\jre\21.0.10-win32-x86_64\bin\management.dll
0x00007ffc70a00000 - 0x00007ffc70a0c000 	C:\Users\bhavi\.vscode\extensions\redhat.java-1.53.0-win32-x64\jre\21.0.10-win32-x86_64\bin\management_ext.dll
0x00007ffcbdfd0000 - 0x00007ffcbdfd8000 	C:\WINDOWS\System32\PSAPI.DLL

JVMTI agents:
c:\Users\bhavi\.vscode\extensions\redhat.java-1.53.0-win32-x64\lombok\lombok-1.18.39-4050.jar path:c:\Users\bhavi\.vscode\extensions\redhat.java-1.53.0-win32-x64\jre\21.0.10-win32-x86_64\bin\instrument.dll, loaded, initialized, instrumentlib options:none

dbghelp: loaded successfully - version: 4.0.5 - missing functions: none
symbol engine: initialized successfully - sym options: 0x614 - pdb path: .;c:\Users\bhavi\.vscode\extensions\redhat.java-1.53.0-win32-x64\jre\21.0.10-win32-x86_64\bin;C:\WINDOWS\SYSTEM32;C:\WINDOWS\WinSxS\amd64_microsoft.windows.common-controls_6595b64144ccf1df_6.0.26100.8037_none_3e092faae333b53b;c:\Users\bhavi\.vscode\extensions\redhat.java-1.53.0-win32-x64\jre\21.0.10-win32-x86_64\bin\server;C:\Users\bhavi\AppData\Roaming\Code\User\globalStorage\redhat.java\1.53.0\config_ss_win\org.eclipse.equinox.launcher\org.eclipse.equinox.launcher.win32.win32.x86_64_1.3.0.v20260203-2149

VM Arguments:
jvm_args: --add-modules=ALL-SYSTEM --add-opens=java.base/java.util=ALL-UNNAMED --add-opens=java.base/java.lang=ALL-UNNAMED --add-opens=java.base/sun.nio.fs=ALL-UNNAMED -Declipse.application=org.eclipse.jdt.ls.core.id1 -Dosgi.bundles.defaultStartLevel=4 -Declipse.product=org.eclipse.jdt.ls.core.product -Djava.import.generatesMetadataFilesAtProjectRoot=false -DDetectVMInstallationsJob.disabled=true -Dfile.encoding=utf8 -XX:+UseParallelGC -XX:GCTimeRatio=4 -XX:AdaptiveSizePolicyWeight=90 -Dsun.zip.disableMemoryMapping=true -Xmx2G -Xms100m -Xlog:disable -javaagent:c:\Users\bhavi\.vscode\extensions\redhat.java-1.53.0-win32-x64\lombok\lombok-1.18.39-4050.jar 
java_command: c:\Users\bhavi\.vscode\extensions\redhat.java-1.53.0-win32-x64\server\plugins\org.eclipse.equinox.launcher_1.7.100.v20251111-0406.jar -configuration c:\Users\bhavi\AppData\Roaming\Code\User\globalStorage\redhat.java\1.53.0\config_ss_win -data c:\Users\bhavi\AppData\Roaming\Code\User\workspaceStorage\066d3c0a0dabf94a1e2b34c160fa1ae0\redhat.java\ss_ws --pipe=\\.\pipe\lsp-f92314fadc37aeab5d4bf266e6bb4066-sock
java_class_path (initial): c:\Users\bhavi\.vscode\extensions\redhat.java-1.53.0-win32-x64\server\plugins\org.eclipse.equinox.launcher_1.7.100.v20251111-0406.jar
Launcher Type: SUN_STANDARD

[Global flags]
    uintx AdaptiveSizePolicyWeight                 = 90                                        {product} {command line}
     intx CICompilerCount                          = 4                                         {product} {ergonomic}
    uintx GCTimeRatio                              = 4                                         {product} {command line}
   size_t InitialHeapSize                          = 104857600                                 {product} {command line}
   size_t MaxHeapSize                              = 2147483648                                {product} {command line}
   size_t MaxNewSize                               = 715653120                                 {product} {ergonomic}
   size_t MinHeapDeltaBytes                        = 524288                                    {product} {ergonomic}
   size_t MinHeapSize                              = 104857600                                 {product} {command line}
   size_t NewSize                                  = 34603008                                  {product} {ergonomic}
    uintx NonNMethodCodeHeapSize                   = 5839372                                {pd product} {ergonomic}
    uintx NonProfiledCodeHeapSize                  = 122909434                              {pd product} {ergonomic}
   size_t OldSize                                  = 70254592                                  {product} {ergonomic}
    uintx ProfiledCodeHeapSize                     = 122909434                              {pd product} {ergonomic}
    uintx ReservedCodeCacheSize                    = 251658240                              {pd product} {ergonomic}
     bool SegmentedCodeCache                       = true                                      {product} {ergonomic}
   size_t SoftMaxHeapSize                          = 2147483648                             {manageable} {ergonomic}
     bool UseCompressedOops                        = true                           {product lp64_product} {ergonomic}
     bool UseLargePagesIndividualAllocation        = false                                  {pd product} {ergonomic}
     bool UseParallelGC                            = true                                      {product} {command line}

Logging:
Log output configuration:
 #0: stdout all=off uptime,level,tags foldmultilines=false
 #1: stderr all=off uptime,level,tags foldmultilines=false

Release file:
JAVA_VERSION="21.0.10" 
MODULES="java.base java.compiler java.datatransfer java.xml java.prefs java.desktop java.instrument java.logging java.management java.security.sasl java.naming java.rmi java.management.rmi java.net.http java.scripting java.security.jgss java.transaction.xa java.sql java.sql.rowset java.xml.crypto java.se java.smartcardio jdk.accessibility jdk.internal.jvmstat jdk.attach jdk.charsets jdk.internal.opt jdk.zipfs jdk.compiler jdk.crypto.ec jdk.crypto.cryptoki jdk.crypto.mscapi jdk.dynalink jdk.internal.ed jdk.editpad jdk.hotspot.agent jdk.httpserver jdk.internal.le jdk.internal.vm.ci jdk.internal.vm.compiler jdk.internal.vm.compiler.management jdk.jartool jdk.javadoc jdk.jcmd jdk.management jdk.management.agent jdk.jconsole jdk.jdeps jdk.jdwp.agent jdk.jdi jdk.jfr jdk.jshell jdk.jsobject jdk.jstatd jdk.localedata jdk.management.jfr jdk.naming.dns jdk.naming.rmi jdk.net jdk.nio.mapmode jdk.random jdk.sctp jdk.security.auth jdk.security.jgss jdk.unsupported jdk.unsupported.desktop jdk.xml.dom" 

Environment Variables:
PATH=C:\Users\bhavi\AppData\Local\Programs\Microsoft VS Code;C:\Program Files\Eclipse Adoptium\jdk-25.0.2.10-hotspot\bin;C:\Program Files\Python313\Scripts\;C:\Program Files\Python313\;C:\WINDOWS\system32;C:\WINDOWS;C:\WINDOWS\System32\Wbem;C:\WINDOWS\System32\WindowsPowerShell\v1.0\;C:\WINDOWS\System32\OpenSSH\;C:\Program Files\MATLAB\R2024b\bin;C:\Users\bhavi\AppData\Local\Programs\Python\Python312;C:\Users\bhavi\AppData\Local\Programs\Python\Python312\Scripts;C:\Program Files\nodejs\;C:\msys64\mingw64\bin;C:\msys64\ucrt64\bin;C:\Program Files\Git\cmd;C:\Users\bhavi\AppData\Local\Programs\Python\Launcher\;C:\Users\bhavi\AppData\Local\Microsoft\WindowsApps;C:\Users\bhavi\AppData\Local\Programs\Python\Python312;C:\Users\bhavi\AppData\Local\Programs\Python\Python312\Scripts;C:\Users\bhavi\AppData\Roaming\npm;C:\Users\bhavi\AppData\Local\Programs\Microsoft VS Code\bin;C:\msys64\mingw64\bin;C:\msys64\ucrt64\bin;C:\Users\bhavi\AppData\Local\GitHubDesktop\bin
USERNAME=bhavi
OS=Windows_NT
PROCESSOR_IDENTIFIER=AMD64 Family 25 Model 80 Stepping 0, AuthenticAMD
TMP=C:\Users\bhavi\AppData\Local\Temp
TEMP=C:\Users\bhavi\AppData\Local\Temp




Periodic native trim disabled

---------------  S Y S T E M  ---------------

OS:
 Windows 11 , 64 bit Build 26100 (10.0.26100.7920)
OS uptime: 11 days 20:04 hours
Hyper-V role detected

CPU: total 12 (initial active 12) (12 cores per cpu, 2 threads per core) family 25 model 80 stepping 0 microcode 0xa50000d, cx8, cmov, fxsr, ht, mmx, 3dnowpref, sse, sse2, sse3, ssse3, sse4a, sse4.1, sse4.2, popcnt, lzcnt, tsc, tscinvbit, avx, avx2, aes, erms, clmul, bmi1, bmi2, adx, sha, fma, vzeroupper, clflush, clflushopt, hv, rdtscp, rdpid, fsrm, f16c, cet_ss
Processor Information for the first 12 processors :
  Max Mhz: 2000, Current Mhz: 1890, Mhz Limit: 2000

Memory: 4k page, system-wide physical 5996M (961M free)
TotalPageFile size 24428M (AvailPageFile size 11M)
current process WorkingSet (physical memory assigned to process): 105M, peak: 106M
current process commit charge ("private bytes"): 253M, peak: 255M

vm_info: OpenJDK 64-Bit Server VM (21.0.10+7-LTS) for windows-amd64 JRE (21.0.10+7-LTS), built on 2026-01-20T00:00:00Z by "admin" with MS VC++ 17.12 (VS2022)

END.
