[INFO] Scanning for projects...
[INFO] 
[INFO] --------------------< com.dailycodework:dream-shop >--------------------
[INFO] Building dream-shop 0.0.1-SNAPSHOT
[INFO]   from pom.xml
[INFO] --------------------------------[ jar ]---------------------------------
[INFO] 
[INFO] --- resources:3.3.1:resources (default-resources) @ dream-shop ---
[INFO] Copying 1 resource from src\main\resources to target\classes
[INFO] Copying 0 resource from src\main\resources to target\classes
[INFO] 
[INFO] --- compiler:3.14.1:compile (default-compile) @ dream-shop ---
[INFO] Recompiling the module because of added or removed source files.
[INFO] Compiling 64 source files with javac [debug parameters release 17] to target\classes
[INFO] Annotation processing is enabled because one or more processors were found
  on the class path. A future release of javac may disable annotation processing
  unless at least one processor is specified by name (-processor), or a search
  path is specified (--processor-path, --processor-module-path), or annotation
  processing is enabled explicitly (-proc:only, -proc:full).
  Use -Xlint:-options to suppress this message.
  Use -proc:none to disable annotation processing.
[INFO] /C:/Users/bhavi/OneDrive/dreamshop/dream-shop/src/main/java/com/dailycodework/dreamshop/model/security/config/ShopConfig.java: C:\Users\bhavi\OneDrive\dreamshop\dream-shop\src\main\java\com\dailycodework\dreamshop\model\security\config\ShopConfig.java uses or overrides a deprecated API.
[INFO] /C:/Users/bhavi/OneDrive/dreamshop/dream-shop/src/main/java/com/dailycodework/dreamshop/model/security/config/ShopConfig.java: Recompile with -Xlint:deprecation for details.
[INFO] -------------------------------------------------------------
[ERROR] COMPILATION ERROR : 
[INFO] -------------------------------------------------------------
[ERROR] /C:/Users/bhavi/OneDrive/dreamshop/dream-shop/src/main/java/com/dailycodework/dreamshop/model/security/jwt/JwtUtils.java:[67,90] exception java.security.SignatureException is never thrown in body of corresponding try statement
[INFO] 1 error
[INFO] -------------------------------------------------------------
[INFO] ------------------------------------------------------------------------
[INFO] BUILD FAILURE
[INFO] ------------------------------------------------------------------------
[INFO] Total time:  8.702 s
[INFO] Finished at: 2026-05-19T01:39:56+05:30
[INFO] ------------------------------------------------------------------------
[ERROR] Failed to execute goal org.apache.maven.plugins:maven-compiler-plugin:3.14.1:compile (default-compile) on project dream-shop: Compilation failure
[ERROR] /C:/Users/bhavi/OneDrive/dreamshop/dream-shop/src/main/java/com/dailycodework/dreamshop/model/security/jwt/JwtUtils.java:[67,90] exception java.security.SignatureException is never thrown in body of corresponding try statement
[ERROR] 
[ERROR] -> [Help 1]
[ERROR] 
[ERROR] To see the full stack trace of the errors, re-run Maven with the -e switch.
[ERROR] Re-run Maven using the -X switch to enable full debug logging.
[ERROR] 
[ERROR] For more information about the errors and possible solutions, please read the following articles:
[ERROR] [Help 1] http://cwiki.apache.org/confluence/display/MAVEN/MojoFailureException
